# 220619 DAY 30

## TCL

Transaction Control Language: 事务控制语言

事务: 一个或一组 SQL 语句组成一个执行单元, 这个执行单元要么全部执行, 要么全部不执行. 整个单元是一个不可分割的整体, 单元中每个 MySQL 语句相互依赖. 若其中一条语句执行失败或错误, 整个单元将会回滚, 所有受到影响的数据将返回到事务开始前的状态; 若单元中的所有语句均执行成功, 则事务被顺利执行

存储引擎/表类型: mysql 中的数据所使用的不同的存储技术, 可通过 `SHOW ENGINES;` 查看 MySQL 支持的存储引擎

常见引擎:

- innodb: 默认引擎, 支持事务
- myisam: 不支持事务
- memory: 不支持事务

事务的 ACID 属性

- A (Atomicity): 原子性, 事务是一个不可再分的工作单位, 事务的操作要么都发生, 要么都不发生
- C (Consistency): 事务必须使数据库从一个一致性状态变换到另一个一致性状态
- I (Isolation): 一个事务的执行不能被其他事务干扰, 即一个事务内部的操作和所使用的数据对并发的其他事务是隔离的, 并发的各个事务之间不能互相干扰
- D (Durability): 一个事务一旦提交, 它对数据库中的数据的改变就是永久性的, 接下来的其他操作和数据库故障不应该对其有任何影响


### 事务的创建

隐式事务: 事务没有明显的开启和结束的标记. 例如 `INSERT`, `UPDATE`, `DELECT`

显式事务: 事务具有明显的开启和结束标记, 但必须提前设置自动提交功能为 `禁用`


步骤

1. 开启事务 `SET autocommit = 0;[ START TRANSACTION;]`
2. 编写事务中的 sql 语句 (`SELECT`, `INSERT`, `UPDATE`, `DELETE`, 不包含 DDL)
3. 结束事务: 提交 `COMMIT;`, 回滚 `ROLLBACK;`


```sql
-- 查看 `autocommit`
SHOW VARIABLES LIKE 'autocommit';

-- 开启事务
SET autocommit = 0;
START TRANSACTION;

-- 编写一组事务的语句
UPDATE `account` 
SET balance = 500 
WHERE username = '张无忌';

UPDATE `account` 
SET balance = 1500 
WHERE username = '赵敏';

-- 结束事务: 提交
COMMIT;


-- 编写一组事务的语句
UPDATE `account` 
SET balance = 1000 
WHERE username = '张无忌';

UPDATE `account` 
SET balance = 1000 
WHERE username = '赵敏';

-- 结束事务: 回滚
ROLLBACK;
```


### 事务的并发

#### 并发问题

`脏读`: 事务 T1 和 T2 操作相同数据, T1 事务更新了数据但未提交, 而 T2 事务读取了更新之后的数据, 若之后 T2 回滚, 则 T1 读取的内容就是临时且无效的


`不可重复读`: 事务 T1 和 T2 操作相同数据, T2 读取了该数据, T1 事务更新了该数据, 此时 T2 再次读取同一数据时数据不相同


`幻读`: 事务 T1 和 T2 操作相同表, T1 读取了一个字段, T2 进行插入删除, T1 再次读取同一个表时会多出或少出几行

#### 事务的隔离性

事务的隔离性: 数据库系统必须具有隔离并发运行各个事务的能力, 避免并发问题

隔离级别: 一个事务与其他事务隔离的程度 (干扰程度). 隔离级别越高, 一致性越好, 并发性越弱

1. `READ UNCOMMITTED`: 允许读取未提交数据, `脏读`, `不可重复读`, `幻读` 都会出现
2. `READ COMMITTED`: 只允许读取已提交数据, 可以避免 `脏读`, 仍存在 `不可重复读`, `幻读` 
3. `REPEATABLE READ`: 为确保事务可重复读, 该事务持续期间不允许其他事务更新该字段, 可以避免 `脏读`, `不可重复读`, 仍存在 `幻读` 
4. `SERIALIZABLE`: 串行化, 为确保事务从一个表中读取相同的行, 在该事务持续期间禁止其他事务对该表进行增删改, `脏读`, `不可重复读`, `幻读` 都可以避免, 但性能低下

Oracle 支持两种事务隔离级别: 1. `READ COMMITED` (默认); 2. `SERIALIZABLE`.
MySQL 支持 4 种事务隔离级别, 默认为 `REPEATABLE READ`




使用命令行进入

```shell
(base) PS C:\Users\CYLK_> mysql -uroot -pcylk
mysql: [Warning] Using a password on the command line interface can be insecure.
Welcome to the MySQL monitor.  Commands end with ; or \g.
Your MySQL connection id is 12
Server version: 8.0.28 MySQL Community Server - GPL

Copyright (c) 2000, 2022, Oracle and/or its affiliates.

Oracle is a registered trademark of Oracle Corporation and/or its
affiliates. Other names may be trademarks of their respective
owners.

Type 'help;' or '\h' for help. Type '\c' to clear the current input statement.
```

查看默认的隔离级别

```sql
mysql> select @@tx_isolation;
ERROR 1193 (HY000): Unknown system variable 'tx_isolation'
-- ! 在 5.7.20 版本之后，使用 `transaction_isolation` 替换 `tx_isolation`

mysql> select @@transaction_isolation;
+-------------------------+
| @@transaction_isolation |
+-------------------------+
| REPEATABLE-READ         |
+-------------------------+
1 row in set (0.00 sec)
```

修改当前 mysql 连接的隔离级别

```sql
mysql> set session transaction isolation level read uncommitted;
Query OK, 0 rows affected (0.02 sec)

mysql> select @@transaction_isolation;
+-------------------------+
| @@transaction_isolation |
+-------------------------+
| READ-UNCOMMITTED        |
+-------------------------+
1 row in set (0.00 sec)
```

```sql
mysql> use test;
Database changed
mysql> select * from account;
+----+----------+---------+
| id | username | balance |
+----+----------+---------+
|  1 | 张无忌   |     500 |
|  2 | 赵敏     |    1500 |
|  3 | 张无忌   |     500 |
|  4 | 赵敏     |    1500 |
+----+----------+---------+
4 rows in set (0.03 sec)

-- 修改字符集
-- set names gbk;
-- ? `names` 指的是什么
```

修改全局隔离级别 (重启后生效)

`set global transaction isolation level read committed;`

#### 保存点

`SAVEPOINT`: 保存点

```sql
SELECT * FROM `account`;
UPDATE account SET username = 'john' WHERE id = 3;
SAVEPOINT a;  -- 设置保存点
UPDATE account SET username = 'lily' WHERE id = 4;
ROLLBACK TO a;  -- 回滚到 a
SELECT * FROM `account`;
```

## 视图

视图: 虚拟表, 和普通表一样使用, 通过表动态生成, 只保存 sql 逻辑, 不保存查询结果

应用场景:

- 多个地方用到同样的查询结果
- 该查询结果使用的 sql 语句比较复杂

```sql
-- 查询姓张的学生名和专业名
CREATE VIEW v1 AS
    SELECT stuname, majorname
    FROM stuinfo s
        INNER JOIN major m ON s.majorid = m.id;

SELECT * FROM v1 WHERE stuname LIKE '张%';
```




---
134
135
136
137
138
139
